\BOOKMARK [1][-]{Doc-Start}{\376\377\000O\000v\000e\000r\000v\000i\000e\000w}{}% 1
\BOOKMARK [1][-]{section.1}{\376\377\000H\000e\000a\000l\000t\000h\000\040\000C\000h\000e\000c\000k}{}% 2
\BOOKMARK [1][-]{section.2}{\376\377\000A\000u\000t\000h\000e\000n\000t\000i\000c\000a\000t\000i\000o\000n}{}% 3
\BOOKMARK [1][-]{section.3}{\376\377\000R\000e\000f\000e\000r\000e\000n\000c\000e\000\040\000/\000\040\000L\000o\000o\000k\000u\000p\000\040\000D\000a\000t\000a}{}% 4
\BOOKMARK [2][-]{subsection.3.1}{\376\377\000A\000p\000p\000o\000i\000n\000t\000e\000d\000\040\000S\000u\000b\000j\000e\000c\000t\000s}{section.3}% 5
\BOOKMARK [2][-]{subsection.3.2}{\376\377\000A\000u\000t\000h\000o\000r\000i\000t\000i\000e\000s}{section.3}% 6
\BOOKMARK [2][-]{subsection.3.3}{\376\377\000B\000l\000o\000o\000d\000\040\000G\000r\000o\000u\000p\000s}{section.3}% 7
\BOOKMARK [2][-]{subsection.3.4}{\376\377\000T\000i\000t\000l\000e\000s}{section.3}% 8
\BOOKMARK [2][-]{subsection.3.5}{\376\377\000T\000e\000a\000c\000h\000e\000r\000\040\000T\000y\000p\000e\000s}{section.3}% 9
\BOOKMARK [2][-]{subsection.3.6}{\376\377\000T\000e\000a\000c\000h\000e\000r\000\040\000C\000a\000t\000e\000g\000o\000r\000i\000e\000s}{section.3}% 10
\BOOKMARK [2][-]{subsection.3.7}{\376\377\000S\000e\000r\000v\000i\000c\000e\000s}{section.3}% 11
\BOOKMARK [2][-]{subsection.3.8}{\376\377\000S\000e\000r\000v\000i\000c\000e\000\040\000R\000a\000n\000k\000s}{section.3}% 12
\BOOKMARK [2][-]{subsection.3.9}{\376\377\000S\000u\000b\000j\000e\000c\000t\000s\000\040\000\050\000H\000R\000M\000\040\000r\000e\000f\000e\000r\000e\000n\000c\000e\000\051}{section.3}% 13
\BOOKMARK [1][-]{section.4}{\376\377\000O\000f\000f\000i\000c\000e\000s}{}% 14
\BOOKMARK [1][-]{section.5}{\376\377\000I\000n\000s\000t\000i\000t\000u\000t\000i\000o\000n\000s}{}% 15
\BOOKMARK [1][-]{section.6}{\376\377\000T\000e\000a\000c\000h\000e\000r\000s}{}% 16
\BOOKMARK [2][-]{subsection.6.1}{\376\377\000L\000i\000s\000t\000i\000n\000g\000\040\000\046\000\040\000S\000e\000a\000r\000c\000h}{section.6}% 17
\BOOKMARK [2][-]{subsection.6.2}{\376\377\000F\000o\000r\000m\000\040\000D\000a\000t\000a}{section.6}% 18
\BOOKMARK [2][-]{subsection.6.3}{\376\377\000C\000r\000e\000a\000t\000e\000\040\000\046\000\040\000U\000p\000d\000a\000t\000e}{section.6}% 19
\BOOKMARK [2][-]{subsection.6.4}{\376\377\000S\000u\000b\000-\000r\000e\000s\000o\000u\000r\000c\000e\000s}{section.6}% 20
\BOOKMARK [1][-]{section.7}{\376\377\000P\000r\000i\000n\000c\000i\000p\000a\000l\000s}{}% 21
\BOOKMARK [1][-]{section.8}{\376\377\000A\000l\000e\000r\000t\000s}{}% 22
\BOOKMARK [1][-]{section.9}{\376\377\000E\000m\000p\000l\000o\000y\000e\000r\000\040\000A\000p\000p\000o\000i\000n\000t\000m\000e\000n\000t\000\040\000C\000o\000n\000f\000i\000r\000m\000a\000t\000i\000o\000n}{}% 23
\BOOKMARK [2][-]{subsection.9.1}{\376\377\000R\000e\000j\000e\000c\000t\000\040\000C\000o\000m\000m\000e\000n\000t\000s}{section.9}% 24
\BOOKMARK [2][-]{subsection.9.2}{\376\377\000W\000o\000r\000k\000f\000l\000o\000w\000\040\000A\000c\000t\000i\000o\000n\000s}{section.9}% 25
\BOOKMARK [1][-]{section.10}{\376\377\000D\000O\000S\000\040\000A\000d\000m\000i\000n\000s}{}% 26
\BOOKMARK [1][-]{section.11}{\376\377\000D\000E\000O\000\040\000O\000f\000f\000i\000c\000e\000r\000s}{}% 27
\BOOKMARK [1][-]{section.12}{\376\377\000P\000r\000o\000f\000i\000l\000e\000\040\000\046\000\040\000I\000d\000e\000n\000t\000i\000t\000y}{}% 28
\BOOKMARK [2][-]{subsection.12.1}{\376\377\000I\000d\000e\000n\000t\000i\000t\000y}{section.12}% 29
\BOOKMARK [2][-]{subsection.12.2}{\376\377\000P\000r\000o\000f\000i\000l\000e}{section.12}% 30
\BOOKMARK [2][-]{subsection.12.3}{\376\377\000A\000v\000a\000t\000a\000r}{section.12}% 31
\BOOKMARK [2][-]{subsection.12.4}{\376\377\000P\000a\000s\000s\000w\000o\000r\000d}{section.12}% 32
\BOOKMARK [1][-]{section.13}{\376\377\000U\000s\000e\000r\000\040\000M\000a\000n\000a\000g\000e\000m\000e\000n\000t}{}% 33
\BOOKMARK [1][-]{section.14}{\376\377\000R\000o\000l\000e\000s\000\040\000\046\000\040\000P\000e\000r\000m\000i\000s\000s\000i\000o\000n\000s}{}% 34
\BOOKMARK [2][-]{subsection.14.1}{\376\377\000R\000o\000l\000e\000s}{section.14}% 35
\BOOKMARK [2][-]{subsection.14.2}{\376\377\000P\000e\000r\000m\000i\000s\000s\000i\000o\000n\000s}{section.14}% 36
\BOOKMARK [1][-]{section.15}{\376\377\000V\000e\000r\000s\000i\000o\000n\000s\000\040\000\046\000\040\000C\000h\000a\000n\000g\000e\000\040\000L\000o\000g\000s}{}% 37
\BOOKMARK [1][-]{section.16}{\376\377\000T\000i\000m\000e\000t\000a\000b\000l\000e}{}% 38
\BOOKMARK [2][-]{subsection.16.1}{\376\377\000S\000u\000b\000j\000e\000c\000t\000s}{section.16}% 39
\BOOKMARK [2][-]{subsection.16.2}{\376\377\000C\000o\000r\000e}{section.16}% 40
\BOOKMARK [2][-]{subsection.16.3}{\376\377\000S\000e\000t\000u\000p}{section.16}% 41
\BOOKMARK [2][-]{subsection.16.4}{\376\377\000S\000l\000o\000t\000s}{section.16}% 42
\BOOKMARK [2][-]{subsection.16.5}{\376\377\000P\000e\000r\000i\000o\000d\000s}{section.16}% 43
\BOOKMARK [2][-]{subsection.16.6}{\376\377\000I\000n\000t\000e\000r\000v\000a\000l\000s}{section.16}% 44
\BOOKMARK [2][-]{subsection.16.7}{\376\377\000S\000u\000b\000j\000e\000c\000t\000\040\000C\000o\000l\000o\000u\000r\000s}{section.16}% 45
\BOOKMARK [2][-]{subsection.16.8}{\376\377\000H\000o\000l\000i\000d\000a\000y\000s}{section.16}% 46
\BOOKMARK [2][-]{subsection.16.9}{\376\377\000L\000e\000s\000s\000o\000n\000\040\000R\000e\000c\000o\000r\000d\000s}{section.16}% 47
\BOOKMARK [2][-]{subsection.16.10}{\376\377\000R\000e\000p\000o\000r\000t}{section.16}% 48
\BOOKMARK [1][-]{subsection.16.10}{\376\377\000E\000n\000d\000p\000o\000i\000n\000t\000\040\000S\000u\000m\000m\000a\000r\000y}{}% 49
